// Jest Snapshot v1, https://goo.gl/fbAQLP

exports[`<AddToCart />  1`] = `
<button
  disabled={false}
  onClick={[Function]}
  type="button"
>
  Add
   To Cart
</button>
`;
